phase 1: 74 beds to generate (4 at a time)
  [1/74] real-estate/10-macro-texture.webp (87KB)
  [2/74] real-estate/08-inset-frame.webp (49KB)
  [3/74] real-estate/05-vertical-band.webp (166KB)
  [4/74] real-estate/09-triptych.webp (82KB)
  [5/74] automotive/03-full-bleed-scrim.webp (51KB)
  [6/74] automotive/01-angled-split.webp (59KB)
  [7/74] automotive/04-corner-wedge.webp (58KB)
  [8/74] automotive/02-torn-edge.webp (106KB)
  [9/74] automotive/06-arc-cut.webp (90KB)
  [10/74] automotive/05-vertical-band.webp (119KB)
  [11/74] automotive/08-inset-frame.webp (80KB)
  [12/74] automotive/10-macro-texture.webp (53KB)
  [13/74] construction/01-angled-split.webp (99KB)
  [14/74] construction/02-torn-edge.webp (43KB)
  [15/74] automotive/09-triptych.webp (44KB)
  [16/74] construction/04-corner-wedge.webp (102KB)
  [17/74] automotive/07-duotone.webp (93KB)
  [18/74] construction/03-full-bleed-scrim.webp (87KB)
  [19/74] construction/06-arc-cut.webp (53KB)
  [20/74] construction/07-duotone.webp (177KB)
  [21/74] construction/05-vertical-band.webp (116KB)
  [22/74] construction/10-macro-texture.webp (111KB)
  [23/74] construction/08-inset-frame.webp (56KB)
  [24/74] roofing/01-angled-split.webp (98KB)
  [25/74] roofing/02-torn-edge.webp (89KB)
  [26/74] construction/09-triptych.webp (76KB)
  [27/74] roofing/05-vertical-band.webp (99KB)
  [28/74] roofing/04-corner-wedge.webp (68KB)
  [29/74] roofing/03-full-bleed-scrim.webp (76KB)
  [30/74] roofing/07-duotone.webp (160KB)
  [31/74] roofing/08-inset-frame.webp (48KB)
  [32/74] roofing/06-arc-cut.webp (95KB)
  [33/74] roofing/10-macro-texture.webp (89KB)
  [34/74] plumbing/01-angled-split.webp (45KB)
  [35/74] plumbing/02-torn-edge.webp (47KB)
  [36/74] roofing/09-triptych.webp (160KB)
  [37/74] plumbing/04-corner-wedge.webp (20KB)
  [38/74] plumbing/05-vertical-band.webp (81KB)
  [39/74] plumbing/06-arc-cut.webp (40KB)
  [40/74] plumbing/03-full-bleed-scrim.webp (21KB)
  [41/74] plumbing/07-duotone.webp (159KB)
  [42/74] plumbing/08-inset-frame.webp (48KB)
  [43/74] plumbing/09-triptych.webp (50KB)
  [44/74] electrical/01-angled-split.webp (106KB)
  [45/74] plumbing/10-macro-texture.webp (39KB)
