banner: 252 of 252 templates
  beds to generate: 246
    now-open-3.jpg (180KB)
    now-open-2.jpg (232KB)
    now-open-4.jpg (184KB)
    now-open-1.jpg (196KB)
    now-open-5.jpg (213KB)
    now-open-6.jpg (231KB)
    opening-soon-1.jpg (245KB)
    opening-soon-2.jpg (241KB)
    opening-soon-3.jpg (150KB)
    opening-soon-5.jpg (228KB)
    opening-soon-4.jpg (212KB)
    opening-soon-6.jpg (255KB)
    coming-soon-1.jpg (175KB)
    coming-soon-2.jpg (231KB)
    coming-soon-5.jpg (212KB)
    coming-soon-3.jpg (199KB)
    coming-soon-4.jpg (188KB)
    coming-soon-6.jpg (241KB)
    now-hiring-3.jpg (171KB)
    now-hiring-1.jpg (214KB)
    now-hiring-2.jpg (214KB)
    now-hiring-4.jpg (176KB)
    help-wanted-1.jpg (168KB)
    now-hiring-5.jpg (217KB)
    now-hiring-6.jpg (218KB)
    help-wanted-2.jpg (221KB)
    help-wanted-3.jpg (161KB)
    help-wanted-5.jpg (239KB)
    help-wanted-4.jpg (195KB)
    help-wanted-6.jpg (174KB)
    sale-1.jpg (173KB)
    sale-2.jpg (212KB)
    sale-3.jpg (180KB)
    sale-4.jpg (216KB)
    sale-5.jpg (227KB)
    clearance-1.jpg (228KB)
    sale-6.jpg (212KB)
    clearance-2.jpg (233KB)
    clearance-3.jpg (188KB)
    clearance-4.jpg (182KB)
    clearance-5.jpg (231KB)
    closing-down-1.jpg (200KB)
    clearance-6.jpg (223KB)
    closing-down-2.jpg (224KB)
    closing-down-4.jpg (163KB)
    closing-down-3.jpg (186KB)
    closing-down-5.jpg (270KB)
    closing-down-6.jpg (172KB)
    under-new-management-1.jpg (231KB)
    under-new-management-2.jpg (208KB)
    under-new-management-3.jpg (160KB)
    under-new-management-4.jpg (208KB)
    under-new-management-5.jpg (262KB)
    new-location-1.jpg (224KB)
    under-new-management-6.jpg (206KB)
    new-location-2.jpg (198KB)
    new-location-3.jpg (171KB)
    new-location-4.jpg (174KB)
    new-location-5.jpg (213KB)
    new-location-6.jpg (219KB)
    free-estimates-2.jpg (257KB)
    free-estimates-1.jpg (225KB)
    free-estimates-3.jpg (191KB)
    free-estimates-4.jpg (185KB)
    open-house-1.jpg (276KB)
    free-estimates-5.jpg (225KB)
    open-house-2.jpg (244KB)
    free-estimates-6.jpg (236KB)
    open-house-3.jpg (228KB)
    open-house-4.jpg (145KB)
    open-house-5.jpg (257KB)
    open-house-6.jpg (223KB)
    for-sale-2.jpg (217KB)
    for-sale-1.jpg (231KB)
    for-sale-3.jpg (159KB)
    for-sale-4.jpg (176KB)
    for-sale-6.jpg (167KB)
    for-sale-5.jpg (233KB)
    sold-1.jpg (172KB)
    sold-2.jpg (241KB)
    sold-3.jpg (198KB)
    sold-4.jpg (165KB)
    sold-5.jpg (257KB)
    sold-6.jpg (158KB)
    new-listing-1.jpg (204KB)
    new-listing-2.jpg (249KB)
    new-listing-3.jpg (157KB)
    new-listing-5.jpg (263KB)
    new-listing-4.jpg (225KB)
    new-listing-6.jpg (224KB)
    for-lease-1.jpg (212KB)
    for-lease-2.jpg (277KB)
    for-lease-3.jpg (178KB)
    for-lease-4.jpg (144KB)
    for-lease-5.jpg (241KB)
    for-lease-6.jpg (153KB)
    land-for-sale-1.jpg (281KB)
    land-for-sale-2.jpg (224KB)
    land-for-sale-3.jpg (195KB)
    land-for-sale-4.jpg (186KB)
    land-for-sale-5.jpg (229KB)
    land-for-sale-6.jpg (204KB)
    birthday-2.jpg (236KB)
    birthday-1.jpg (138KB)
    birthday-4.jpg (166KB)
    birthday-3.jpg (148KB)
    birthday-5.jpg (190KB)
    birthday-6.jpg (206KB)
    graduation-2.jpg (189KB)
    graduation-1.jpg (173KB)
    graduation-3.jpg (124KB)
    graduation-4.jpg (157KB)
    graduation-5.jpg (183KB)
    graduation-6.jpg (157KB)
    wedding-1.jpg (184KB)
    wedding-2.jpg (201KB)
    wedding-4.jpg (135KB)
    wedding-3.jpg (147KB)
    wedding-6.jpg (232KB)
    wedding-5.jpg (191KB)
    baby-shower-1.jpg (171KB)
    baby-shower-2.jpg (199KB)
    baby-shower-4.jpg (134KB)
    baby-shower-3.jpg (141KB)
    baby-shower-5.jpg (148KB)
    baby-shower-6.jpg (210KB)
    anniversary-2.jpg (173KB)
    anniversary-1.jpg (208KB)
    anniversary-3.jpg (137KB)
    anniversary-4.jpg (134KB)
    anniversary-5.jpg (233KB)
    anniversary-6.jpg (128KB)
    retirement-1.jpg (152KB)
    retirement-2.jpg (196KB)
    retirement-3.jpg (165KB)
    retirement-4.jpg (188KB)
    retirement-5.jpg (162KB)
    retirement-6.jpg (137KB)
    reunion-1.jpg (165KB)
    reunion-2.jpg (163KB)
    reunion-3.jpg (149KB)
    reunion-4.jpg (119KB)
    reunion-5.jpg (195KB)
    reunion-6.jpg (177KB)
    welcome-home-2.jpg (184KB)
    welcome-home-1.jpg (218KB)
    welcome-home-3.jpg (137KB)
    welcome-home-4.jpg (109KB)
    welcome-home-6.jpg (151KB)
    5k-run-2.jpg (312KB)
    5k-run-1.jpg (258KB)
    welcome-home-5.jpg (214KB)
    5k-run-3.jpg (195KB)
    5k-run-5.jpg (265KB)
    5k-run-6.jpg (294KB)
    5k-run-4.jpg (273KB)
    charity-drive-2.jpg (350KB)
    charity-drive-1.jpg (188KB)
    charity-drive-4.jpg (237KB)
    charity-drive-3.jpg (237KB)
    charity-drive-6.jpg (312KB)
    charity-drive-5.jpg (281KB)
    food-drive-1.jpg (203KB)
    food-drive-2.jpg (310KB)
    food-drive-4.jpg (201KB)
    food-drive-3.jpg (249KB)
    food-drive-5.jpg (279KB)
    food-drive-6.jpg (355KB)
    blood-drive-1.jpg (282KB)
    blood-drive-2.jpg (329KB)
    blood-drive-3.jpg (253KB)
    blood-drive-4.jpg (236KB)
    blood-drive-5.jpg (289KB)
    blood-drive-6.jpg (362KB)
    fundraiser-1.jpg (239KB)
    fundraiser-2.jpg (312KB)
    fundraiser-4.jpg (195KB)
    fundraiser-3.jpg (209KB)
    fundraiser-5.jpg (301KB)
    fundraiser-6.jpg (265KB)
    festival-1.jpg (244KB)
    festival-2.jpg (336KB)
    festival-4.jpg (279KB)
    festival-3.jpg (193KB)
    festival-5.jpg (307KB)
    festival-6.jpg (318KB)
    church-service-2.jpg (248KB)
    church-service-1.jpg (214KB)
    church-service-3.jpg (221KB)
    church-service-4.jpg (200KB)
    church-service-5.jpg (238KB)
    church-service-6.jpg (312KB)
    school-event-1.jpg (246KB)
    school-event-2.jpg (345KB)
    school-event-3.jpg (205KB)
    school-event-4.jpg (278KB)
    school-event-5.jpg (266KB)
    entrance-1.jpg (130KB)
    school-event-6.jpg (355KB)
    entrance-2.jpg (105KB)
    entrance-3.jpg (107KB)
    entrance-4.jpg (108KB)
    entrance-5.jpg (122KB)
    entrance-6.jpg (113KB)
    exit-1.jpg (120KB)
    exit-2.jpg (167KB)
    exit-3.jpg (86KB)
    exit-4.jpg (86KB)
    exit-5.jpg (125KB)
    parking-2.jpg (80KB)
    parking-3.jpg (144KB)
    exit-6.jpg (125KB)
    parking-1.jpg (124KB)
    parking-5.jpg (128KB)
    parking-4.jpg (109KB)
    parking-6.jpg (163KB)
    registration-1.jpg (77KB)
    registration-2.jpg (131KB)
    registration-3.jpg (143KB)
    registration-4.jpg (102KB)
    registration-5.jpg (127KB)
    check-in-1.jpg (172KB)
    check-in-2.jpg (117KB)
    registration-6.jpg (143KB)
    check-in-3.jpg (87KB)
    check-in-4.jpg (135KB)
    check-in-5.jpg (154KB)
    check-in-6.jpg (99KB)
    this-way-1.jpg (235KB)
    this-way-2.jpg (131KB)
    this-way-3.jpg (82KB)
    this-way-4.jpg (127KB)
    this-way-5.jpg (110KB)
    this-way-6.jpg (74KB)
    event-here-1.jpg (125KB)
    event-here-2.jpg (172KB)
    event-here-3.jpg (131KB)
    event-here-4.jpg (116KB)
    event-here-5.jpg (153KB)
    event-here-6.jpg (179KB)
    restrooms-2.jpg (143KB)
    restrooms-1.jpg (246KB)
    restrooms-3.jpg (109KB)
    restrooms-4.jpg (124KB)
    restrooms-6.jpg (115KB)
    restrooms-5.jpg (141KB)
seeded 252
postcard: 108 of 108 templates
  beds to generate: 108
    service-sale-1.jpg (211KB)
    service-sale-4.jpg (228KB)
    service-sale-2.jpg (260KB)
    service-sale-3.jpg (228KB)
    service-sale-5.jpg (291KB)
    service-sale-6.jpg (179KB)
    new-customer-2.jpg (284KB)
    new-customer-3.jpg (261KB)
    new-customer-4.jpg (181KB)
    new-customer-1.jpg (259KB)
    new-customer-5.jpg (306KB)
    new-customer-6.jpg (299KB)
    grand-opening-1.jpg (197KB)
    grand-opening-2.jpg (272KB)
    grand-opening-3.jpg (278KB)
    grand-opening-4.jpg (202KB)
    grand-opening-5.jpg (297KB)
    grand-opening-6.jpg (315KB)
    we-moved-2.jpg (349KB)
    we-moved-1.jpg (245KB)
    we-moved-4.jpg (154KB)
    we-moved-3.jpg (215KB)
    we-moved-6.jpg (199KB)
    we-moved-5.jpg (272KB)
    thank-you-2.jpg (287KB)
    thank-you-1.jpg (262KB)
    thank-you-3.jpg (276KB)
    thank-you-4.jpg (243KB)
    thank-you-6.jpg (249KB)
    thank-you-5.jpg (313KB)
    referral-1.jpg (224KB)
    referral-2.jpg (316KB)
    referral-4.jpg (271KB)
    referral-3.jpg (236KB)
    referral-5.jpg (280KB)
    appointment-reminder-2.jpg (157KB)
    referral-6.jpg (247KB)
    appointment-reminder-1.jpg (116KB)
    appointment-reminder-3.jpg (109KB)
    appointment-reminder-5.jpg (162KB)
    appointment-reminder-6.jpg (116KB)
    appointment-reminder-4.jpg (129KB)
    seasonal-tune-up-1.jpg (249KB)
    seasonal-tune-up-4.jpg (219KB)
    seasonal-tune-up-3.jpg (252KB)
    seasonal-tune-up-2.jpg (242KB)
    seasonal-tune-up-5.jpg (302KB)
    seasonal-tune-up-6.jpg (334KB)
    holiday-offer-1.jpg (346KB)
    holiday-offer-2.jpg (236KB)
    holiday-offer-3.jpg (223KB)
    holiday-offer-4.jpg (209KB)
    holiday-offer-5.jpg (299KB)
    holiday-offer-6.jpg (357KB)
    free-quote-1.jpg (178KB)
    free-quote-3.jpg (268KB)
    free-quote-2.jpg (303KB)
    free-quote-4.jpg (238KB)
    free-quote-5.jpg (276KB)
    open-house-pc-1.jpg (343KB)
    free-quote-6.jpg (234KB)
    open-house-pc-2.jpg (313KB)
    open-house-pc-3.jpg (235KB)
    open-house-pc-4.jpg (268KB)
    open-house-pc-5.jpg (310KB)
    open-house-pc-6.jpg (268KB)
    just-sold-2.jpg (333KB)
    just-sold-1.jpg (370KB)
    just-sold-3.jpg (229KB)
    just-sold-4.jpg (268KB)
    just-sold-5.jpg (333KB)
    just-sold-6.jpg (314KB)
    home-valuation-1.jpg (306KB)
    home-valuation-2.jpg (302KB)
    home-valuation-3.jpg (271KB)
    home-valuation-4.jpg (260KB)
    home-valuation-5.jpg (317KB)
    home-valuation-6.jpg (287KB)
    menu-offer-1.jpg (255KB)
    menu-offer-2.jpg (235KB)
    menu-offer-3.jpg (197KB)
    menu-offer-4.jpg (284KB)
    menu-offer-5.jpg (246KB)
    menu-offer-6.jpg (245KB)
    new-menu-1.jpg (243KB)
    new-menu-3.jpg (203KB)
    new-menu-2.jpg (209KB)
    new-menu-5.jpg (242KB)
    new-menu-4.jpg (186KB)
    new-menu-6.jpg (354KB)
    grand-reopening-1.jpg (256KB)
    grand-reopening-3.jpg (215KB)
    grand-reopening-2.jpg (281KB)
    grand-reopening-4.jpg (226KB)
    grand-reopening-5.jpg (224KB)
    class-signup-1.jpg (208KB)
    grand-reopening-6.jpg (271KB)
    class-signup-3.jpg (199KB)
    class-signup-2.jpg (228KB)
    class-signup-4.jpg (168KB)
    class-signup-5.jpg (259KB)
    spring-clean-1.jpg (170KB)
    class-signup-6.jpg (268KB)
    spring-clean-4.jpg (125KB)
    spring-clean-2.jpg (168KB)
    spring-clean-5.jpg (148KB)
    spring-clean-6.jpg (128KB)
    spring-clean-3.jpg (130KB)
seeded 108
Re-rendering thumbnails for 1911 template(s)...

  25/1911
  50/1911
  75/1911
  100/1911
  125/1911
  150/1911
  175/1911
  200/1911
  225/1911
  250/1911
  275/1911
  300/1911
  325/1911
  350/1911
  375/1911
  400/1911
  425/1911
  450/1911
  475/1911
  500/1911
  525/1911
  550/1911
  575/1911
  600/1911
  625/1911
  650/1911
  675/1911
  700/1911
  725/1911
  750/1911
  775/1911
  800/1911
  825/1911
  850/1911
  875/1911
  900/1911
  925/1911
  950/1911
  975/1911
  1000/1911
  1025/1911
  1050/1911
  1075/1911
  1100/1911
  1125/1911
  1150/1911
  1175/1911
  1200/1911
  1225/1911
  1250/1911
  1275/1911
  1300/1911
  1325/1911
  1350/1911
  1375/1911
  1400/1911
  1425/1911
  1450/1911
  1475/1911
  1500/1911
  1525/1911
  1550/1911
  1575/1911
