2268 templates across 5 products, 0 skipped
BUSINESS_CARD active total: 947
Re-rendering thumbnails for 1983 template(s)...

  25/1983
  50/1983
  75/1983
  100/1983
  125/1983
  150/1983
  175/1983
  200/1983
  225/1983
  250/1983
  275/1983
  300/1983
  325/1983
  350/1983
  375/1983
  400/1983
  425/1983
  450/1983
  475/1983
  500/1983
  525/1983
  550/1983
  575/1983
  600/1983
  625/1983
  650/1983
  675/1983
  700/1983
  725/1983
  750/1983
  775/1983
  800/1983
  825/1983
  850/1983
  875/1983
  900/1983
  925/1983
  950/1983
  975/1983
  1000/1983
  1025/1983
  1050/1983
  1075/1983
  1100/1983
  1125/1983
  1150/1983
  1175/1983
  1200/1983
  1225/1983
  1250/1983
  1275/1983
  1300/1983
  1325/1983
  1350/1983
  1375/1983
  1400/1983
  1425/1983
  1450/1983
  1475/1983
  1500/1983
  1525/1983
  1550/1983
  1575/1983
  1600/1983
  1625/1983
  1650/1983
  1675/1983
  1700/1983
  1725/1983
  1750/1983
  1775/1983
  1800/1983
  1825/1983
  1850/1983
  1875/1983
  1900/1983
  1925/1983
  1950/1983
  1975/1983

Updated 1983/1983
Front-thumbnail payload: 4.82 MB -> 60.85 MB
